******************************************************************************
                  TI ARM Linker PC v18.12.2                    
******************************************************************************
>> Linked Sat Dec 21 09:28:35 2019

OUTPUT FILE NAME:   <LDC_Final.out>
ENTRY POINT SYMBOL: "_c_int00_noargs"  address: 00002b49


MEMORY CONFIGURATION

         name            origin    length      used     unused   attr    fill
----------------------  --------  ---------  --------  --------  ----  --------
  FLASH                 00000000   00100000  000031f8  000fce08  R  X
  SRAM                  20000000   00040000  00000470  0003fb90  RW X


SEGMENT ALLOCATION MAP

run origin  load origin   length   init length attrs members
----------  ----------- ---------- ----------- ----- -------
00000000    00000000    000031f8   000031f8    r-x
  00000000    00000000    00000208   00000208    r-- .intvecs
  00000208    00000208    000029b8   000029b8    r-x .text
  00002bc0    00002bc0    00000608   00000608    r-- .const
  000031c8    000031c8    00000030   00000030    r-- .cinit
20000000    20000000    00000470   00000000    rw-
  20000000    20000000    0000026c   00000000    rw- .vtable
  2000026c    2000026c    00000004   00000000    rw- .data
  20000270    20000270    00000200   00000000    rw- .stack


SECTION ALLOCATION MAP

 output                                  attributes/
section   page    origin      length       input sections
--------  ----  ----------  ----------   ----------------
.intvecs   0    00000000    00000208     
                  00000000    00000208     tm4c1294ncpdt_startup_ccs.obj (.intvecs)

.text      0    00000208    000029b8     
                  00000208    00000f80     sysctl.obj (.text)
                  00001188    00000b94     gpio.obj (.text)
                  00001d1c    000006f8     i2c.obj (.text)
                  00002414    000003c0     interrupt.obj (.text)
                  000027d4    000001b4     twi.obj (.text)
                  00002988    0000009c     rtsv7M4_T_le_v4SPD16_eabi.lib : memcpy_t2.asm.obj (.text)
                  00002a24    00000068                                   : copy_decompress_lzss.c.obj (.text:decompress:lzss:__TI_decompress_lzss)
                  00002a8c    00000044                                   : autoinit.c.obj (.text:__TI_auto_init_nobinit_nopinit:__TI_auto_init_nobinit_nopinit)
                  00002ad0    0000003e     cpu.obj (.text)
                  00002b0e    00000002     --HOLE-- [fill = 0]
                  00002b10    00000038     main.obj (.text)
                  00002b48    00000034     rtsv7M4_T_le_v4SPD16_eabi.lib : boot_cortex_m.c.obj (.text:_c_int00_noargs:_c_int00_noargs)
                  00002b7c    0000001c                                   : copy_zero_init.c.obj (.text:decompress:ZI:__TI_zero_init_nomemset:__TI_zero_init_nomemset)
                  00002b98    0000000e                                   : copy_decompress_none.c.obj (.text:decompress:none:__TI_decompress_none)
                  00002ba6    0000000c     tm4c1294ncpdt_startup_ccs.obj (.text)
                  00002bb2    00000006     sysctl.obj (.text:SysCtlDelay)
                  00002bb8    00000004     rtsv7M4_T_le_v4SPD16_eabi.lib : pre_init.c.obj (.text:_system_pre_init)
                  00002bbc    00000004                                   : exit.c.obj (.text:abort:abort)

.const     0    00002bc0    00000608     
                  00002bc0    000001b0     sysctl.obj (.const:g_pppui32XTALtoVCO)
                  00002d70    000000d8     gpio.obj (.const:g_ppui32GPIOIntMapSnowflake)
                  00002e48    000000c0     gpio.obj (.const:g_ppui32GPIOIntMapBlizzard)
                  00002f08    0000009c     interrupt.obj (.const:g_pui32Regs)
                  00002fa4    00000090     gpio.obj (.const:g_pui32GPIOBaseAddrs)
                  00003034    0000006c     sysctl.obj (.const:g_pui32Xtals)
                  000030a0    00000050     i2c.obj (.const:g_ppui32I2CIntMapSnowflake)
                  000030f0    00000030     i2c.obj (.const:g_ppui32I2CIntMap)
                  00003120    00000030     sysctl.obj (.const:g_sXTALtoMEMTIM)
                  00003150    00000020     interrupt.obj (.const:g_pui32Priority)
                  00003170    00000014     interrupt.obj (.const:g_pui32Dii16Regs)
                  00003184    00000014     interrupt.obj (.const:g_pui32EnRegs)
                  00003198    00000014     interrupt.obj (.const:g_pui32PendRegs)
                  000031ac    00000014     interrupt.obj (.const:g_pui32UnpendRegs)
                  000031c0    00000008     sysctl.obj (.const:g_pui32VCOFrequencies)

.cinit     0    000031c8    00000030     
                  000031c8    0000000c     (__TI_handler_table)
                  000031d4    00000008     (.cinit..data.load) [load image, compression = lzss]
                  000031dc    00000004     --HOLE-- [fill = 0]
                  000031e0    00000008     (.cinit..vtable.load) [load image, compression = zero_init]
                  000031e8    00000010     (__TI_cinit_table)

.init_array 
*          0    00000000    00000000     UNINITIALIZED

.vtable    0    20000000    0000026c     UNINITIALIZED
                  20000000    0000026c     interrupt.obj (.vtable)

.data      0    2000026c    00000004     UNINITIALIZED
                  2000026c    00000004     main.obj (.data)

.stack     0    20000270    00000200     UNINITIALIZED
                  20000270    00000004     rtsv7M4_T_le_v4SPD16_eabi.lib : boot_cortex_m.c.obj (.stack)
                  20000274    000001fc     --HOLE--

MODULE SUMMARY

       Module                          code    ro data   rw data
       ------                          ----    -------   -------
    .\
       tm4c1294ncpdt_startup_ccs.obj   12      520       0      
       twi.obj                         436     0         0      
       main.obj                        56      0         4      
    +--+-------------------------------+-------+---------+---------+
       Total:                          504     520       4      
                                                                
    .\driverlib\
       sysctl.obj                      3974    596       0      
       gpio.obj                        2964    552       0      
       i2c.obj                         1784    128       0      
       interrupt.obj                   960     268       620    
       cpu.obj                         62      0         0      
    +--+-------------------------------+-------+---------+---------+
       Total:                          9744    1544      620    
                                                                
    C:\ti\ccs910\ccs\tools\compiler\ti-cgt-arm_18.12.2.LTS\lib\rtsv7M4_T_le_v4SPD16_eabi.lib
       memcpy_t2.asm.obj               156     0         0      
       copy_decompress_lzss.c.obj      104     0         0      
       autoinit.c.obj                  68      0         0      
       boot_cortex_m.c.obj             52      0         0      
       copy_zero_init.c.obj            28      0         0      
       copy_decompress_none.c.obj      14      0         0      
       exit.c.obj                      4       0         0      
       pre_init.c.obj                  4       0         0      
    +--+-------------------------------+-------+---------+---------+
       Total:                          430     0         0      
                                                                
       Stack:                          0       0         512    
       Linker Generated:               0       44        0      
    +--+-------------------------------+-------+---------+---------+
       Grand Total:                    10678   2108      1136   


LINKER GENERATED COPY TABLES

__TI_cinit_table @ 000031e8 records: 2, size/record: 8, table size: 16
	.data: load addr=000031d4, load size=00000008 bytes, run addr=2000026c, run size=00000004 bytes, compression=lzss
	.vtable: load addr=000031e0, load size=00000008 bytes, run addr=20000000, run size=0000026c bytes, compression=zero_init


LINKER GENERATED HANDLER TABLE

__TI_handler_table @ 000031c8 records: 3, size/record: 4, table size: 12
	index: 0, handler: __TI_zero_init
	index: 1, handler: __TI_decompress_lzss
	index: 2, handler: __TI_decompress_none


GLOBAL SYMBOLS: SORTED ALPHABETICALLY BY Name 

address   name                            
-------   ----                            
00002bbd  C$$EXIT                         
00002b05  CPUbasepriGet                   
00002af7  CPUbasepriSet                   
00002ad1  CPUcpsid                        
00002ae7  CPUcpsie                        
00002add  CPUprimask                      
00002af3  CPUwfi                          
00001cf5  GPIOADCTriggerDisable           
00001cd7  GPIOADCTriggerEnable            
00001cb9  GPIODMATriggerDisable           
00001c9b  GPIODMATriggerEnable            
00001243  GPIODirModeGet                  
000011e7  GPIODirModeSet                  
000017ab  GPIOIntClear                    
0000176f  GPIOIntDisable                  
00001755  GPIOIntEnable                   
000017bf  GPIOIntRegister                 
000017f7  GPIOIntRegisterPin              
00001789  GPIOIntStatus                   
00001333  GPIOIntTypeGet                  
0000128f  GPIOIntTypeSet                  
000017dd  GPIOIntUnregister               
00001825  GPIOIntUnregisterPin            
00001603  GPIOPadConfigGet                
000013c9  GPIOPadConfigSet                
00001c3d  GPIOPinConfigure                
00001849  GPIOPinRead                     
00001881  GPIOPinTypeADC                  
000018a5  GPIOPinTypeCAN                  
000018c9  GPIOPinTypeComparator           
000018ed  GPIOPinTypeComparatorOutput     
00001911  GPIOPinTypeDIVSCLK              
00001935  GPIOPinTypeEPI                  
00001959  GPIOPinTypeEthernetLED          
0000197d  GPIOPinTypeEthernetMII          
000019a1  GPIOPinTypeGPIOInput            
000019c5  GPIOPinTypeGPIOOutput           
000019e9  GPIOPinTypeGPIOOutputOD         
00001a0d  GPIOPinTypeHibernateRTCCLK      
00001a31  GPIOPinTypeI2C                  
00001a55  GPIOPinTypeI2CSCL               
00001a79  GPIOPinTypeLCD                  
00001a9d  GPIOPinTypeOneWire              
00001ac1  GPIOPinTypePWM                  
00001ae5  GPIOPinTypeQEI                  
00001b09  GPIOPinTypeSSI                  
00001b2d  GPIOPinTypeTimer                
00001b51  GPIOPinTypeTrace                
00001b75  GPIOPinTypeUART                 
00001b99  GPIOPinTypeUSBAnalog            
00001bbd  GPIOPinTypeUSBDigital           
00001be1  GPIOPinTypeWakeHigh             
00001c07  GPIOPinTypeWakeLow              
00001c2d  GPIOPinWakeStatus               
00001861  GPIOPinWrite                    
00002313  I2CFIFODataGet                  
0000232d  I2CFIFODataGetNonBlocking       
000022c9  I2CFIFODataPut                  
000022eb  I2CFIFODataPutNonBlocking       
000022b9  I2CFIFOStatus                   
00001ead  I2CIntRegister                  
00001ecb  I2CIntUnregister                
000023ef  I2CLoopbackEnable               
00002369  I2CMasterBurstCountGet          
00002353  I2CMasterBurstLengthSet         
00002111  I2CMasterBusBusy                
000020f9  I2CMasterBusy                   
00002129  I2CMasterControl                
0000217d  I2CMasterDataGet                
00002167  I2CMasterDataPut                
00001e79  I2CMasterDisable                
00001e45  I2CMasterEnable                 
0000213b  I2CMasterErr                    
00002377  I2CMasterGlitchFilterConfigSet  
00001d7b  I2CMasterInitExpClk             
00002073  I2CMasterIntClear               
00002091  I2CMasterIntClearEx             
00001f3f  I2CMasterIntDisable             
00001f4f  I2CMasterIntDisableEx           
00001ee5  I2CMasterIntEnable              
00001ef5  I2CMasterIntEnableEx            
00001f99  I2CMasterIntStatus              
00001fdd  I2CMasterIntStatusEx            
000020eb  I2CMasterLineStateGet           
000020c9  I2CMasterSlaveAddrSet           
0000218b  I2CMasterTimeoutSet             
00002279  I2CRxFIFOConfigSet              
000022a1  I2CRxFIFOFlush                  
0000219d  I2CSlaveACKOverride             
000021cf  I2CSlaveACKValueSet             
00001e07  I2CSlaveAddressSet              
00002229  I2CSlaveDataGet                 
00002211  I2CSlaveDataPut                 
00001e8f  I2CSlaveDisable                 
00001e5b  I2CSlaveEnable                  
000023dd  I2CSlaveFIFODisable             
000023c5  I2CSlaveFIFOEnable              
00001ded  I2CSlaveInit                    
000020a3  I2CSlaveIntClear                
000020b5  I2CSlaveIntClearEx              
00001f67  I2CSlaveIntDisable              
00001f7f  I2CSlaveIntDisableEx            
00001f0d  I2CSlaveIntEnable               
00001f25  I2CSlaveIntEnableEx             
00002009  I2CSlaveIntStatus               
00002051  I2CSlaveIntStatusEx             
00002201  I2CSlaveStatus                  
00002239  I2CTxFIFOConfigSet              
00002261  I2CTxFIFOFlush                  
0000282f  I2C_init                        
00002803  I2C_pinInit                     
000028e3  I2C_readData                    
00002843  I2C_slaveAddressSet             
00002857  I2C_write                       
000025d5  IntDisable                      
00002563  IntEnable                       
00002647  IntIsEnabled                    
00002427  IntMasterDisable                
00002417  IntMasterEnable                 
0000273d  IntPendClear                    
000026cd  IntPendSet                      
0000253f  IntPriorityGet                  
000024b7  IntPriorityGroupingGet          
0000249d  IntPriorityGroupingSet          
00002797  IntPriorityMaskGet              
0000278b  IntPriorityMaskSet              
000024ef  IntPrioritySet                  
00002437  IntRegister                     
0000279f  IntTrigger                      
00002489  IntUnregister                   
00002ba7  ResetISR                        
00001145  SysCtlAltClkConfig              
0000086d  SysCtlClockFreqSet              
00000d35  SysCtlClockGet                  
00001129  SysCtlClockOutConfig            
00000b65  SysCtlClockSet                  
00000771  SysCtlDeepSleep                 
00000ef9  SysCtlDeepSleepClockConfigSet   
00000edb  SysCtlDeepSleepClockSet         
00000751  SysCtlDeepSleepPowerSet         
00002bb3  SysCtlDelay                     
000002ff  SysCtlFlashSectorSizeGet        
000002d3  SysCtlFlashSizeGet              
00000fcf  SysCtlGPIOAHBDisable            
00000fb3  SysCtlGPIOAHBEnable             
000006e5  SysCtlIntClear                  
000006cd  SysCtlIntDisable                
000006b9  SysCtlIntEnable                 
00000691  SysCtlIntRegister               
000006f5  SysCtlIntStatus                 
000006a9  SysCtlIntUnregister             
00000737  SysCtlLDODeepSleepGet           
00000727  SysCtlLDODeepSleepSet           
00000721  SysCtlLDOSleepGet               
00000711  SysCtlLDOSleepSet               
000007a7  SysCtlMOSCConfigSet             
0000110d  SysCtlNMIClear                  
000010f9  SysCtlNMIStatus                 
000007bd  SysCtlPIOSCCalibrate            
00000f9d  SysCtlPWMClockGet               
00000f83  SysCtlPWMClockSet               
0000063d  SysCtlPeripheralClockGating     
000005f5  SysCtlPeripheralDeepSleepDisable
000005a5  SysCtlPeripheralDeepSleepEnable 
000004e1  SysCtlPeripheralDisable         
000004a5  SysCtlPeripheralEnable          
000003e1  SysCtlPeripheralPowerOff        
000003a5  SysCtlPeripheralPowerOn         
00000325  SysCtlPeripheralPresent         
00000365  SysCtlPeripheralReady           
0000041d  SysCtlPeripheralReset           
00000569  SysCtlPeripheralSleepDisable    
00000525  SysCtlPeripheralSleepEnable     
00000761  SysCtlReset                     
0000081d  SysCtlResetBehaviorGet          
0000080d  SysCtlResetBehaviorSet          
00000793  SysCtlResetCauseClear           
0000078d  SysCtlResetCauseGet             
000002c9  SysCtlSRAMSizeGet               
00000769  SysCtlSleep                     
0000073d  SysCtlSleepPowerSet             
00000ff7  SysCtlUSBPLLDisable             
00000feb  SysCtlUSBPLLEnable              
0000103d  SysCtlVCOGet                    
00001025  SysCtlVoltageEventClear         
00001009  SysCtlVoltageEventConfig        
00001019  SysCtlVoltageEventStatus        
20000470  __STACK_END                     
00000200  __STACK_SIZE                    
20000470  __STACK_TOP                     
000031e8  __TI_CINIT_Base                 
000031f8  __TI_CINIT_Limit                
000031c8  __TI_Handler_Table_Base         
000031d4  __TI_Handler_Table_Limit        
00002a8d  __TI_auto_init_nobinit_nopinit  
00002a25  __TI_decompress_lzss            
00002b99  __TI_decompress_none            
ffffffff  __TI_pprof_out_hndl             
ffffffff  __TI_prof_data_size             
ffffffff  __TI_prof_data_start            
00000000  __TI_static_base__              
00002b7d  __TI_zero_init_nomemset         
00002989  __aeabi_memcpy                  
00002989  __aeabi_memcpy4                 
00002989  __aeabi_memcpy8                 
ffffffff  __binit__                       
ffffffff  __c_args__                      
UNDEFED   __mpu_init                      
20000270  __stack                         
00002b49  _c_int00_noargs                 
UNDEFED   _system_post_cinit              
00002bb9  _system_pre_init                
00002bbd  abort                           
ffffffff  binit                           
000027d5  delay                           
20000000  g_pfnRAMVectors                 
00000000  g_pfnVectors                    
00002b11  main                            
00002989  memcpy                          
2000026e  pui32DataRx                     
2000026c  pui32DataTx                     


GLOBAL SYMBOLS: SORTED BY Symbol Address 

address   name                            
-------   ----                            
00000000  __TI_static_base__              
00000000  g_pfnVectors                    
00000200  __STACK_SIZE                    
000002c9  SysCtlSRAMSizeGet               
000002d3  SysCtlFlashSizeGet              
000002ff  SysCtlFlashSectorSizeGet        
00000325  SysCtlPeripheralPresent         
00000365  SysCtlPeripheralReady           
000003a5  SysCtlPeripheralPowerOn         
000003e1  SysCtlPeripheralPowerOff        
0000041d  SysCtlPeripheralReset           
000004a5  SysCtlPeripheralEnable          
000004e1  SysCtlPeripheralDisable         
00000525  SysCtlPeripheralSleepEnable     
00000569  SysCtlPeripheralSleepDisable    
000005a5  SysCtlPeripheralDeepSleepEnable 
000005f5  SysCtlPeripheralDeepSleepDisable
0000063d  SysCtlPeripheralClockGating     
00000691  SysCtlIntRegister               
000006a9  SysCtlIntUnregister             
000006b9  SysCtlIntEnable                 
000006cd  SysCtlIntDisable                
000006e5  SysCtlIntClear                  
000006f5  SysCtlIntStatus                 
00000711  SysCtlLDOSleepSet               
00000721  SysCtlLDOSleepGet               
00000727  SysCtlLDODeepSleepSet           
00000737  SysCtlLDODeepSleepGet           
0000073d  SysCtlSleepPowerSet             
00000751  SysCtlDeepSleepPowerSet         
00000761  SysCtlReset                     
00000769  SysCtlSleep                     
00000771  SysCtlDeepSleep                 
0000078d  SysCtlResetCauseGet             
00000793  SysCtlResetCauseClear           
000007a7  SysCtlMOSCConfigSet             
000007bd  SysCtlPIOSCCalibrate            
0000080d  SysCtlResetBehaviorSet          
0000081d  SysCtlResetBehaviorGet          
0000086d  SysCtlClockFreqSet              
00000b65  SysCtlClockSet                  
00000d35  SysCtlClockGet                  
00000edb  SysCtlDeepSleepClockSet         
00000ef9  SysCtlDeepSleepClockConfigSet   
00000f83  SysCtlPWMClockSet               
00000f9d  SysCtlPWMClockGet               
00000fb3  SysCtlGPIOAHBEnable             
00000fcf  SysCtlGPIOAHBDisable            
00000feb  SysCtlUSBPLLEnable              
00000ff7  SysCtlUSBPLLDisable             
00001009  SysCtlVoltageEventConfig        
00001019  SysCtlVoltageEventStatus        
00001025  SysCtlVoltageEventClear         
0000103d  SysCtlVCOGet                    
000010f9  SysCtlNMIStatus                 
0000110d  SysCtlNMIClear                  
00001129  SysCtlClockOutConfig            
00001145  SysCtlAltClkConfig              
000011e7  GPIODirModeSet                  
00001243  GPIODirModeGet                  
0000128f  GPIOIntTypeSet                  
00001333  GPIOIntTypeGet                  
000013c9  GPIOPadConfigSet                
00001603  GPIOPadConfigGet                
00001755  GPIOIntEnable                   
0000176f  GPIOIntDisable                  
00001789  GPIOIntStatus                   
000017ab  GPIOIntClear                    
000017bf  GPIOIntRegister                 
000017dd  GPIOIntUnregister               
000017f7  GPIOIntRegisterPin              
00001825  GPIOIntUnregisterPin            
00001849  GPIOPinRead                     
00001861  GPIOPinWrite                    
00001881  GPIOPinTypeADC                  
000018a5  GPIOPinTypeCAN                  
000018c9  GPIOPinTypeComparator           
000018ed  GPIOPinTypeComparatorOutput     
00001911  GPIOPinTypeDIVSCLK              
00001935  GPIOPinTypeEPI                  
00001959  GPIOPinTypeEthernetLED          
0000197d  GPIOPinTypeEthernetMII          
000019a1  GPIOPinTypeGPIOInput            
000019c5  GPIOPinTypeGPIOOutput           
000019e9  GPIOPinTypeGPIOOutputOD         
00001a0d  GPIOPinTypeHibernateRTCCLK      
00001a31  GPIOPinTypeI2C                  
00001a55  GPIOPinTypeI2CSCL               
00001a79  GPIOPinTypeLCD                  
00001a9d  GPIOPinTypeOneWire              
00001ac1  GPIOPinTypePWM                  
00001ae5  GPIOPinTypeQEI                  
00001b09  GPIOPinTypeSSI                  
00001b2d  GPIOPinTypeTimer                
00001b51  GPIOPinTypeTrace                
00001b75  GPIOPinTypeUART                 
00001b99  GPIOPinTypeUSBAnalog            
00001bbd  GPIOPinTypeUSBDigital           
00001be1  GPIOPinTypeWakeHigh             
00001c07  GPIOPinTypeWakeLow              
00001c2d  GPIOPinWakeStatus               
00001c3d  GPIOPinConfigure                
00001c9b  GPIODMATriggerEnable            
00001cb9  GPIODMATriggerDisable           
00001cd7  GPIOADCTriggerEnable            
00001cf5  GPIOADCTriggerDisable           
00001d7b  I2CMasterInitExpClk             
00001ded  I2CSlaveInit                    
00001e07  I2CSlaveAddressSet              
00001e45  I2CMasterEnable                 
00001e5b  I2CSlaveEnable                  
00001e79  I2CMasterDisable                
00001e8f  I2CSlaveDisable                 
00001ead  I2CIntRegister                  
00001ecb  I2CIntUnregister                
00001ee5  I2CMasterIntEnable              
00001ef5  I2CMasterIntEnableEx            
00001f0d  I2CSlaveIntEnable               
00001f25  I2CSlaveIntEnableEx             
00001f3f  I2CMasterIntDisable             
00001f4f  I2CMasterIntDisableEx           
00001f67  I2CSlaveIntDisable              
00001f7f  I2CSlaveIntDisableEx            
00001f99  I2CMasterIntStatus              
00001fdd  I2CMasterIntStatusEx            
00002009  I2CSlaveIntStatus               
00002051  I2CSlaveIntStatusEx             
00002073  I2CMasterIntClear               
00002091  I2CMasterIntClearEx             
000020a3  I2CSlaveIntClear                
000020b5  I2CSlaveIntClearEx              
000020c9  I2CMasterSlaveAddrSet           
000020eb  I2CMasterLineStateGet           
000020f9  I2CMasterBusy                   
00002111  I2CMasterBusBusy                
00002129  I2CMasterControl                
0000213b  I2CMasterErr                    
00002167  I2CMasterDataPut                
0000217d  I2CMasterDataGet                
0000218b  I2CMasterTimeoutSet             
0000219d  I2CSlaveACKOverride             
000021cf  I2CSlaveACKValueSet             
00002201  I2CSlaveStatus                  
00002211  I2CSlaveDataPut                 
00002229  I2CSlaveDataGet                 
00002239  I2CTxFIFOConfigSet              
00002261  I2CTxFIFOFlush                  
00002279  I2CRxFIFOConfigSet              
000022a1  I2CRxFIFOFlush                  
000022b9  I2CFIFOStatus                   
000022c9  I2CFIFODataPut                  
000022eb  I2CFIFODataPutNonBlocking       
00002313  I2CFIFODataGet                  
0000232d  I2CFIFODataGetNonBlocking       
00002353  I2CMasterBurstLengthSet         
00002369  I2CMasterBurstCountGet          
00002377  I2CMasterGlitchFilterConfigSet  
000023c5  I2CSlaveFIFOEnable              
000023dd  I2CSlaveFIFODisable             
000023ef  I2CLoopbackEnable               
00002417  IntMasterEnable                 
00002427  IntMasterDisable                
00002437  IntRegister                     
00002489  IntUnregister                   
0000249d  IntPriorityGroupingSet          
000024b7  IntPriorityGroupingGet          
000024ef  IntPrioritySet                  
0000253f  IntPriorityGet                  
00002563  IntEnable                       
000025d5  IntDisable                      
00002647  IntIsEnabled                    
000026cd  IntPendSet                      
0000273d  IntPendClear                    
0000278b  IntPriorityMaskSet              
00002797  IntPriorityMaskGet              
0000279f  IntTrigger                      
000027d5  delay                           
00002803  I2C_pinInit                     
0000282f  I2C_init                        
00002843  I2C_slaveAddressSet             
00002857  I2C_write                       
000028e3  I2C_readData                    
00002989  __aeabi_memcpy                  
00002989  __aeabi_memcpy4                 
00002989  __aeabi_memcpy8                 
00002989  memcpy                          
00002a25  __TI_decompress_lzss            
00002a8d  __TI_auto_init_nobinit_nopinit  
00002ad1  CPUcpsid                        
00002add  CPUprimask                      
00002ae7  CPUcpsie                        
00002af3  CPUwfi                          
00002af7  CPUbasepriSet                   
00002b05  CPUbasepriGet                   
00002b11  main                            
00002b49  _c_int00_noargs                 
00002b7d  __TI_zero_init_nomemset         
00002b99  __TI_decompress_none            
00002ba7  ResetISR                        
00002bb3  SysCtlDelay                     
00002bb9  _system_pre_init                
00002bbd  C$$EXIT                         
00002bbd  abort                           
000031c8  __TI_Handler_Table_Base         
000031d4  __TI_Handler_Table_Limit        
000031e8  __TI_CINIT_Base                 
000031f8  __TI_CINIT_Limit                
20000000  g_pfnRAMVectors                 
2000026c  pui32DataTx                     
2000026e  pui32DataRx                     
20000270  __stack                         
20000470  __STACK_END                     
20000470  __STACK_TOP                     
ffffffff  __TI_pprof_out_hndl             
ffffffff  __TI_prof_data_size             
ffffffff  __TI_prof_data_start            
ffffffff  __binit__                       
ffffffff  __c_args__                      
ffffffff  binit                           
UNDEFED   __mpu_init                      
UNDEFED   _system_post_cinit              

[221 symbols]
